['veh']['year']
['veh']['pt_type']['ConventionalVehicle']['fs']['pwr_out_max_watts']
['veh']['pt_type']['ConventionalVehicle']['fs']['pwr_ramp_lag_seconds']
['veh']['pt_type']['ConventionalVehicle']['fs']['energy_capacity_joules']
['veh']['pt_type']['ConventionalVehicle']['fc']['mass_kilograms']
['veh']['pt_type']['ConventionalVehicle']['fc']['specific_pwr_watts_per_kilogram']
['veh']['pt_type']['ConventionalVehicle']['fc']['pwr_out_max_watts']
['veh']['pt_type']['ConventionalVehicle']['fc']['pwr_out_max_init_watts']
['veh']['pt_type']['ConventionalVehicle']['fc']['pwr_ramp_lag_seconds']
['veh']['pt_type']['ConventionalVehicle']['fc']['eff_interp_from_pwr_out']['Interp1D']['x']
['veh']['pt_type']['ConventionalVehicle']['fc']['eff_interp_from_pwr_out']['Interp1D']['f_x']
['veh']['pt_type']['ConventionalVehicle']['fc']['pwr_idle_fuel_watts']
['veh']['pt_type']['ConventionalVehicle']['fc']['save_interval']
['veh']['pt_type']['ConventionalVehicle']['fc']['state']['i']
['veh']['pt_type']['ConventionalVehicle']['fc']['state']['pwr_out_max_watts']
['veh']['pt_type']['ConventionalVehicle']['fc']['state']['pwr_prop_max_watts']
['veh']['pt_type']['ConventionalVehicle']['fc']['state']['eff']
['veh']['pt_type']['ConventionalVehicle']['fc']['state']['pwr_prop_watts']
['veh']['pt_type']['ConventionalVehicle']['fc']['state']['energy_prop_joules']
['veh']['pt_type']['ConventionalVehicle']['fc']['state']['pwr_aux_watts']
['veh']['pt_type']['ConventionalVehicle']['fc']['state']['energy_aux_joules']
['veh']['pt_type']['ConventionalVehicle']['fc']['state']['pwr_fuel_watts']
['veh']['pt_type']['ConventionalVehicle']['fc']['state']['energy_fuel_joules']
['veh']['pt_type']['ConventionalVehicle']['fc']['state']['pwr_loss_watts']
['veh']['pt_type']['ConventionalVehicle']['fc']['state']['energy_loss_joules']
['veh']['pt_type']['ConventionalVehicle']['fc']['state']['fc_on']
['veh']['pt_type']['ConventionalVehicle']['fc']['state']['time_on_seconds']
['veh']['pt_type']['ConventionalVehicle']['fc']['history']['i']
['veh']['pt_type']['ConventionalVehicle']['fc']['history']['pwr_out_max_watts']
['veh']['pt_type']['ConventionalVehicle']['fc']['history']['pwr_prop_max_watts']
['veh']['pt_type']['ConventionalVehicle']['fc']['history']['eff']
['veh']['pt_type']['ConventionalVehicle']['fc']['history']['pwr_prop_watts']
['veh']['pt_type']['ConventionalVehicle']['fc']['history']['energy_prop_joules']
['veh']['pt_type']['ConventionalVehicle']['fc']['history']['pwr_aux_watts']
['veh']['pt_type']['ConventionalVehicle']['fc']['history']['energy_aux_joules']
['veh']['pt_type']['ConventionalVehicle']['fc']['history']['pwr_fuel_watts']
['veh']['pt_type']['ConventionalVehicle']['fc']['history']['energy_fuel_joules']
['veh']['pt_type']['ConventionalVehicle']['fc']['history']['pwr_loss_watts']
['veh']['pt_type']['ConventionalVehicle']['fc']['history']['energy_loss_joules']
['veh']['pt_type']['ConventionalVehicle']['fc']['history']['fc_on']
['veh']['pt_type']['ConventionalVehicle']['fc']['history']['time_on_seconds']
['veh']['pt_type']['ConventionalVehicle']['transmission']['mass_kilograms']
['veh']['pt_type']['ConventionalVehicle']['transmission']['eff_interp']['Interp0D']
['veh']['pt_type']['ConventionalVehicle']['transmission']['save_interval']
['veh']['pt_type']['ConventionalVehicle']['transmission']['state']['i']
['veh']['pt_type']['ConventionalVehicle']['transmission']['state']['eff']
['veh']['pt_type']['ConventionalVehicle']['transmission']['state']['pwr_out_watts']
['veh']['pt_type']['ConventionalVehicle']['transmission']['state']['pwr_in_watts']
['veh']['pt_type']['ConventionalVehicle']['transmission']['state']['pwr_loss_watts']
['veh']['pt_type']['ConventionalVehicle']['transmission']['state']['energy_out_joules']
['veh']['pt_type']['ConventionalVehicle']['transmission']['state']['energy_loss_joules']
['veh']['pt_type']['ConventionalVehicle']['transmission']['history']['i']
['veh']['pt_type']['ConventionalVehicle']['transmission']['history']['eff']
['veh']['pt_type']['ConventionalVehicle']['transmission']['history']['pwr_out_watts']
['veh']['pt_type']['ConventionalVehicle']['transmission']['history']['pwr_in_watts']
['veh']['pt_type']['ConventionalVehicle']['transmission']['history']['pwr_loss_watts']
['veh']['pt_type']['ConventionalVehicle']['transmission']['history']['energy_out_joules']
['veh']['pt_type']['ConventionalVehicle']['transmission']['history']['energy_loss_joules']
['veh']['pt_type']['ConventionalVehicle']['mass_kilograms']
['veh']['pt_type']['ConventionalVehicle']['alt_eff']
['veh']['chassis']['drag_coef']
['veh']['chassis']['frontal_area_square_meters']
['veh']['chassis']['wheel_rr_coef']
['veh']['chassis']['wheel_inertia_kilogram_square_meters']
['veh']['chassis']['num_wheels']
['veh']['chassis']['wheel_radius_meters']
['veh']['chassis']['cg_height_meters']
['veh']['chassis']['wheel_fric_coef']
['veh']['chassis']['drive_axle_weight_frac']
['veh']['chassis']['wheel_base_meters']
['veh']['mass_kilograms']
['veh']['pwr_aux_base_watts']
['veh']['trans_eff']
['veh']['save_interval']
['veh']['state']['i']
['veh']['state']['pwr_prop_fwd_max_watts']
['veh']['state']['pwr_prop_bwd_max_watts']
['veh']['state']['pwr_tractive_watts']
['veh']['state']['pwr_tractive_for_cyc_watts']
['veh']['state']['energy_tractive_joules']
['veh']['state']['pwr_aux_watts']
['veh']['state']['energy_aux_joules']
['veh']['state']['pwr_drag_watts']
['veh']['state']['energy_drag_joules']
['veh']['state']['pwr_accel_watts']
['veh']['state']['energy_accel_joules']
['veh']['state']['pwr_ascent_watts']
['veh']['state']['energy_ascent_joules']
['veh']['state']['pwr_rr_watts']
['veh']['state']['energy_rr_joules']
['veh']['state']['pwr_whl_inertia_watts']
['veh']['state']['energy_whl_inertia_joules']
['veh']['state']['pwr_brake_watts']
['veh']['state']['energy_brake_joules']
['veh']['state']['cyc_met']
['veh']['state']['cyc_met_overall']
['veh']['state']['speed_ach_meters_per_second']
['veh']['state']['dist_meters']
['veh']['state']['grade_curr']
['veh']['state']['elev_curr_meters']
['veh']['state']['air_density_kilograms_per_cubic_meter']
['veh']['state']['mass_kilograms']
['veh']['history']['i']
['veh']['history']['pwr_prop_fwd_max_watts']
['veh']['history']['pwr_prop_bwd_max_watts']
['veh']['history']['pwr_tractive_watts']
['veh']['history']['pwr_tractive_for_cyc_watts']
['veh']['history']['energy_tractive_joules']
['veh']['history']['pwr_aux_watts']
['veh']['history']['energy_aux_joules']
['veh']['history']['pwr_drag_watts']
['veh']['history']['energy_drag_joules']
['veh']['history']['pwr_accel_watts']
['veh']['history']['energy_accel_joules']
['veh']['history']['pwr_ascent_watts']
['veh']['history']['energy_ascent_joules']
['veh']['history']['pwr_rr_watts']
['veh']['history']['energy_rr_joules']
['veh']['history']['pwr_whl_inertia_watts']
['veh']['history']['energy_whl_inertia_joules']
['veh']['history']['pwr_brake_watts']
['veh']['history']['energy_brake_joules']
['veh']['history']['cyc_met']
['veh']['history']['cyc_met_overall']
['veh']['history']['speed_ach_meters_per_second']
['veh']['history']['dist_meters']
['veh']['history']['grade_curr']
['veh']['history']['elev_curr_meters']
['veh']['history']['air_density_kilograms_per_cubic_meter']
['veh']['history']['mass_kilograms']
['cyc']['init_elev_meters']
['cyc']['time_seconds']
['cyc']['speed_meters_per_second']
['cyc']['dist_meters']
['cyc']['grade']
['cyc']['elev_meters']
['cyc']['pwr_max_chrg_watts']
['cyc']['grade_interp']['Interp1D']['x']
['cyc']['grade_interp']['Interp1D']['f_x']
['cyc']['elev_interp']['Interp1D']['x']
['cyc']['elev_interp']['Interp1D']['f_x']
['cyc']['temp_amb_air_kelvin']
['sim_params']['ach_speed_max_iter']
['sim_params']['ach_speed_tol']
['sim_params']['ach_speed_solver_gain']
['sim_params']['trace_miss_tol']['tol_dist']
['sim_params']['trace_miss_tol']['tol_dist_frac']
['sim_params']['trace_miss_tol']['tol_speed']
['sim_params']['trace_miss_tol']['tol_speed_frac']
['sim_params']['f2_const_air_density']
