
**************************************************************************    
 ___       _                               _____ _           _           
|_ _|_ __ | |_ ___  __ _ _ __ ___  _ __   |  ___(_)_ __   __| | ___ _ __ 
 | || '_ \| __/ _ \/ _` | '__/ _ \| '_ \  | |_  | | '_ \ / _` |/ _ \ '__|
 | || | | | ||  __/ (_| | | | (_) | | | | |  _| | | | | | (_| |  __/ |   
|___|_| |_|\__\___|\__, |_|  \___/|_| |_| |_|   |_|_| |_|\__,_|\___|_|   
                   |___/                                                 
   
**************************************************************************    

integron_finder version NOT packaged, it should be development version
Python 3.6.5 (default, Apr  1 2018, 05:46:30) 
[GCC 7.3.0]

 - open-source GPLv3,
 - Jean Cury, Bertrand Neron, Eduardo Rocha,
 - citation:

 Identification and analysis of integrons and cassette arrays in bacterial genomes
 Jean Cury; Thomas Jove; Marie Touchon; Bertrand Neron; Eduardo PC Rocha
 Nucleic Acids Research 2016; doi: 10.1093/nar/gkw319
 

                     =======================

integron_finder is free software: you can redistribute it and/or modify
it under the terms of the GNU General Public License as published by
the Free Software Foundation, either version 3 of the License, or
(at your option) any later version.

integron_finder is distributed in the hope that it will be useful,
but WITHOUT ANY WARRANTY; without even the implied warranty of
MERCHANTABILITY or FITNESS FOR A PARTICULAR PURPOSE. See the
GNU General Public License for more details.

You should have received a copy of the GNU General Public License
along with this program (COPYING file).
If not, see <http://www.gnu.org/licenses/>.     

                     =======================
                     
command used: integron_finder --func-annot --keep-tmp tests/data/Replicons/ESCO001.B.00018.P002.fst  
  
                     =======================
                     
[0m
INFO     : ############ Processing replicon ESCO001.B.00018.P002 (1/1) ############

INFO     : Starting Default search ... :
INFO     : Default search done... : 
INFO     : In replicon ESCO001.B.00018.P002, there are:
INFO     : - 0 complete integron(s) found with a total 0 attC site(s)
INFO     : - 1 CALIN element(s) found with a total of 2 attC site(s)
INFO     : - 1 In0 element(s) found with a total of 0 attC site
INFO     : Adding promoters and attI ... :
INFO     : Starting functional annotation ...:
INFO     : Writing out results for replicon ESCO001.B.00018.P002
INFO     : Merging integrons results.

