BASENAME1: c.txt = c.txt
BASENAME2: c.txt = c.txt
BASENAME3: c.txt = c.txt
BOOL1: false = false
BOOL2: true = true
BOOL3: false = false
BOOL4: true = true
BOOL5: false = false
BOOL6: true = true
BOOL7: NO = NO
BOOL8: YES = YES
COUNTER1: 1 = 1
COUNTER2: 2 = 2
COUNTER3: 3 = 3
COUNTER4: 1 1 = 1 1
COUNTER5: 2 = 2
COUNTER6: 3 2 = 3 2
COUNTER7: 4 0 = 4 0
COUNTER8: 5 1 = 5 1
COUNTER9: 6 2 4 = 6 2 4
DATETIME1: 2000-01-01T11:58:55.816Z = 2000-01-01T11:58:55.816Z
DATETIME2: 2000-01-01T11:58:57.316Z = 2000-01-01T11:58:57.316Z
DATETIME3: 2000-01-01T11:58:57.31607Z = 2000-01-01T11:58:57.31607Z
DATETIME4: 2000-01-01T00:00:00.000Z = 2000-01-01T00:00:00.000Z
DATETIME5: UNK = UNK
DATETIME6: 2000-01-01T00:00:00Z = 2000-01-01T00:00:00Z
DATETIME7: 1980-02-03T01:02:03.1234567Z = 1980-02-03T01:02:03.1234567Z
DATETIME8: 1980-02-03T01:02:03.1235Z = 1980-02-03T01:02:03.1235Z
DATETIME9: 1980-01-09T01:02:03.1235Z = 1980-01-09T01:02:03.1235Z
DATETIME10: 1980-01-09T01:02:04.623Z = 1980-01-09T01:02:04.623Z
DATETIME_DOY1: 2000-001T11:58:55.816Z = 2000-001T11:58:55.816Z
DATETIME_DOY2: 2000-001T11:58:57.316Z = 2000-001T11:58:57.316Z
DATETIME_DOY3: 2000-001T11:58:57.31607Z = 2000-001T11:58:57.31607Z
DATETIME_DOY4: 2000-001T00:00:00.000Z = 2000-001T00:00:00.000Z
DATETIME_DOY5: UNK = UNK
DATETIME_DOY6: 2000-001T00:00:00Z = 2000-001T00:00:00Z
DATETIME_DOY7: 1980-034T01:02:03.1234567Z = 1980-034T01:02:03.1234567Z
DATETIME_DOY8: 1980-034T01:02:03.1235Z = 1980-034T01:02:03.1235Z
DATETIME_DOY9: 1980-009T01:02:03.1235Z = 1980-009T01:02:03.1235Z
DATETIME_DOY10: 1980-009T01:02:04.623Z = 1980-009T01:02:04.623Z
DAYSECS1: 43135.81607273678 = 43135.81607273678
DAYSECS2: 0 = 0
DAYSECS3: 43200 = 43200
DAYSECS4: 43321.123 = 43321.123
FILE_BYTES1: 446 = 446
FILE_MD51: 6a02797e9bd04c36d2747233a37f8c7e = 6a02797e9bd04c36d2747233a37f8c7e
FILE_RECORDS1: 6 = 6
FILE_BYTES2: 25 = 25
FILE_MD52: f29713aaf54c6c5badb2f52bc76c7165 = f29713aaf54c6c5badb2f52bc76c7165
FILE_RECORDS2: 0 = 0
NOESCAPE: <&> NOESCAPE("<&>") = <&> <&>
REPLACE_NA1: 0 = 0
REPLACE_NA2: BAD = BAD
REPLACE_NA3: BAD = BAD
REPLACE_UNK1: 0 = 0
REPLACE_UNK2: ISUNK = ISUNK
Something printed here
----------
    a 0 3
    b 1 3
    c 2 3
=
    a 0 3
    b 1 3
    c 2 3
----------
    a
    b
    c
=
    a
    b
    c
----------
    a 0
    b 1
    c 2
=
    a 0
    b 1
    c 2
----------
    a 0 3
    b 1 3
    c 2 3
=
    a 0 3
    b 1 3
    c 2 3
----------
    TRUE
=
    TRUE
----------
=
----------
    FALSE
=
    FALSE
----------
    TRUE2
=
    TRUE2
----------
    FALSE
=
    FALSE
----------
=
----------
    23.567
=
    23.567
----------
            6
----------
=
            6
