[[[ValueError(This is the ValueError) at raises_template.txt:1]]]
