
**************************************************************************
 ___       _                               _____ _           _
|_ _|_ __ | |_ ___  __ _ _ __ ___  _ __   |  ___(_)_ __   __| | ___ _ __
 | || '_ \| __/ _ \/ _` | '__/ _ \| '_ \  | |_  | | '_ \ / _` |/ _ \ '__|
 | || | | | ||  __/ (_| | | | (_) | | | | |  _| | | | | | (_| |  __/ |
|___|_| |_|\__\___|\__, |_|  \___/|_| |_| |_|   |_|_| |_|\__,_|\___|_|
                   |___/

**************************************************************************

integron_finder version 2.dev20231110
Using:
 - Python 3.10.13 (main, Sep 15 2023, 00:19:42) [GCC 11.3.1 20230427]
 - numpy 1.23.1
 - pandas 1.4.3
 - matplolib 3.5.2
 - biopython 1.79

 - Prodigal V2.6.3: February, 2016
 - INFERNAL 1.1.4 (Dec 2020)
 - HMMER 3.1b2 (February 2015); http://hmmer.org/

Authors:
 - Jean Cury, Bertrand Neron, Eduardo Rocha,

Citation:

 NÃ©ron, B.; Littner, E.; Haudiquet, M.; Perrin, A.; Cury, J.; Rocha, E.P.C. 
 IntegronFinder 2.0: Identification and Analysis of Integrons across Bacteria, with a Focus on Antibiotic Resistance in Klebsiella. 
 Microorganisms 2022, 10, 700. https://doi.org/10.3390/microorganisms10040700

 If you use --func-annot in conjunction with file NCBIfam-AMRFinder.hmm please also cite

 Haft, DH et al., Nucleic Acids Res. 2018 Jan 4;46(D1):D851-D860
 PMID: 29112715


                     =======================

integron_finder is free software: you can redistribute it and/or modify
it under the terms of the GNU General Public License as published by
the Free Software Foundation, either version 3 of the License, or
(at your option) any later version.

integron_finder is distributed in the hope that it will be useful,
but WITHOUT ANY WARRANTY; without even the implied warranty of
MERCHANTABILITY or FITNESS FOR A PARTICULAR PURPOSE. See the
GNU General Public License for more details.

You should have received a copy of the GNU General Public License
along with this program (COPYING file).
If not, see <http://www.gnu.org/licenses/>.

                     =======================

command used: integron_finder --cpu 4 --cmsearch ../infernal/infernal-1.1.4/src/cmsearch --promoter-attI --gembase tests/data/Gembase/Gembase1/Replicons/ESCO001.C.00001.C001.fst

                     =======================

[0m
INFO     : ############ Processing replicon ESCO001.C.00001.C001 (1/1) ############

WARNING  : Sequence describe in LSTINF file ESCO001.C.00001.C001_01509 is not present in /home/bneron/Projects/GEM/Integron_Finder/src/Integron_Finder/tests/data/Gembase/Gembase1/Proteins/ESCO001.C.00001.C001.prt
WARNING  : Sequence describe in LSTINF file ESCO001.C.00001.C001_03974 is not present in /home/bneron/Projects/GEM/Integron_Finder/src/Integron_Finder/tests/data/Gembase/Gembase1/Proteins/ESCO001.C.00001.C001.prt
WARNING  : Sequence describe in LSTINF file ESCO001.C.00001.C001_04162 is not present in /home/bneron/Projects/GEM/Integron_Finder/src/Integron_Finder/tests/data/Gembase/Gembase1/Proteins/ESCO001.C.00001.C001.prt
INFO     : Starting Default search ... :
INFO     : Default search done... : 
INFO     : In replicon ESCO001.C.00001.C001, there are:
INFO     : - 0 complete integron(s) found with a total 0 attC site(s)
INFO     : - 0 CALIN element(s) found with a total of 0 attC site(s)
INFO     : - 0 In0 element(s) found with a total of 0 attC site
INFO     : Writing out results for replicon ESCO001.C.00001.C001
INFO     : Merging integrons results.


**************************************************************************
 ___       _                               _____ _           _
|_ _|_ __ | |_ ___  __ _ _ __ ___  _ __   |  ___(_)_ __   __| | ___ _ __
 | || '_ \| __/ _ \/ _` | '__/ _ \| '_ \  | |_  | | '_ \ / _` |/ _ \ '__|
 | || | | | ||  __/ (_| | | | (_) | | | | |  _| | | | | | (_| |  __/ |
|___|_| |_|\__\___|\__, |_|  \___/|_| |_| |_|   |_|_| |_|\__,_|\___|_|
                   |___/

**************************************************************************

integron_finder version 2.dev20231110
Using:
 - Python 3.10.13 (main, Sep 15 2023, 00:19:42) [GCC 11.3.1 20230427]
 - numpy 1.23.1
 - pandas 1.4.3
 - matplolib 3.5.2
 - biopython 1.79

 - Prodigal V2.6.3: February, 2016
 - INFERNAL 1.1.4 (Dec 2020)
 - HMMER 3.1b2 (February 2015); http://hmmer.org/

Authors:
 - Jean Cury, Bertrand Neron, Eduardo Rocha,

Citation:

 NÃ©ron, B.; Littner, E.; Haudiquet, M.; Perrin, A.; Cury, J.; Rocha, E.P.C. 
 IntegronFinder 2.0: Identification and Analysis of Integrons across Bacteria, with a Focus on Antibiotic Resistance in Klebsiella. 
 Microorganisms 2022, 10, 700. https://doi.org/10.3390/microorganisms10040700

 If you use --func-annot in conjunction with file NCBIfam-AMRFinder.hmm please also cite

 Haft, DH et al., Nucleic Acids Res. 2018 Jan 4;46(D1):D851-D860
 PMID: 29112715


                     =======================

integron_finder is free software: you can redistribute it and/or modify
it under the terms of the GNU General Public License as published by
the Free Software Foundation, either version 3 of the License, or
(at your option) any later version.

integron_finder is distributed in the hope that it will be useful,
but WITHOUT ANY WARRANTY; without even the implied warranty of
MERCHANTABILITY or FITNESS FOR A PARTICULAR PURPOSE. See the
GNU General Public License for more details.

You should have received a copy of the GNU General Public License
along with this program (COPYING file).
If not, see <http://www.gnu.org/licenses/>.

                     =======================

command used: integron_finder --cpu 4 --cmsearch ../infernal/infernal-1.1.4/src/cmsearch --promoter-attI --gembase tests/data/Gembase/Gembase1/Replicons/ESCO001.C.00001.C001.fst --local-max

                     =======================

[0m
INFO     : ############ Processing replicon ESCO001.C.00001.C001 (1/1) ############

WARNING  : Sequence describe in LSTINF file ESCO001.C.00001.C001_01509 is not present in /home/bneron/Projects/GEM/Integron_Finder/src/Integron_Finder/tests/data/Gembase/Gembase1/Proteins/ESCO001.C.00001.C001.prt
WARNING  : Sequence describe in LSTINF file ESCO001.C.00001.C001_03974 is not present in /home/bneron/Projects/GEM/Integron_Finder/src/Integron_Finder/tests/data/Gembase/Gembase1/Proteins/ESCO001.C.00001.C001.prt
WARNING  : Sequence describe in LSTINF file ESCO001.C.00001.C001_04162 is not present in /home/bneron/Projects/GEM/Integron_Finder/src/Integron_Finder/tests/data/Gembase/Gembase1/Proteins/ESCO001.C.00001.C001.prt
INFO     : Starting Default search ... :
INFO     : Default search done... : 
INFO     : In replicon ESCO001.C.00001.C001, there are:
INFO     : - 0 complete integron(s) found with a total 0 attC site(s)
INFO     : - 0 CALIN element(s) found with a total of 0 attC site(s)
INFO     : - 0 In0 element(s) found with a total of 0 attC site
INFO     : Starting search with local_max...:
INFO     : Search with local_max done... :
INFO     : In replicon ESCO001.C.00001.C001, there are:
INFO     : - 0 complete integron(s) found with a total 0 attC site(s)
INFO     : - 0 CALIN element(s) found with a total of 0 attC site(s)
INFO     : - 0 In0 element(s) found with a total of 0 attC site
INFO     : Writing out results for replicon ESCO001.C.00001.C001
INFO     : Merging integrons results.

